module HidingUsed where

import Data.HashTable hiding (delete)
import Data.List (delete)

func = delete
