module HidingUnused where

import Data.HashTable hiding (delete)
