-- TODO: behaviour should be different!
module HidingRemovedWhenExported (module L) where

import           Data.List as L
