module HidingPartiallyUnused where

import GHC.OldList (sort)

foo = sort
